src/components/BestOfBoacMonthlySpotlight.tsx(163,27): error TS1005: '}' expected.
src/components/BestOfBoacMonthlySpotlight.tsx(164,9): error TS1381: Unexpected token. Did you mean `{'}'}` or `&rbrace;`?
src/components/MarinduqueConnectAdminDashboard.tsx(234,32): error TS1382: Unexpected token. Did you mean `{'>'}` or `&gt;`?
src/components/MarinduqueConnectAdminDashboard.tsx(246,15): error TS1005: '}' expected.
src/components/MarinduqueConnectAdminDashboard.tsx(247,9): error TS1381: Unexpected token. Did you mean `{'}'}` or `&rbrace;`?
src/components/MarinduqueEventsCalendar.tsx(220,30): error TS1382: Unexpected token. Did you mean `{'>'}` or `&gt;`?
src/components/MarinduqueEventsCalendar.tsx(227,15): error TS1005: '}' expected.
src/components/MarinduqueEventsCalendar.tsx(228,9): error TS1381: Unexpected token. Did you mean `{'}'}` or `&rbrace;`?
